Archive member included to satisfy reference by file (symbol)

c:/tools/common/intelfpga_lite/18.1/nios2eds/bin/gnu/h-x86_64-mingw32/bin/../lib/gcc/nios2-elf/5.3.0\libgcc.a(_udivdi3.o)
                              obj/default/main.o (__udivdi3)
c:/tools/common/intelfpga_lite/18.1/nios2eds/bin/gnu/h-x86_64-mingw32/bin/../lib/gcc/nios2-elf/5.3.0\libgcc.a(lib2-divmod.o)
                              c:/tools/common/intelfpga_lite/18.1/nios2eds/bin/gnu/h-x86_64-mingw32/bin/../lib/gcc/nios2-elf/5.3.0\libgcc.a(_udivdi3.o) (__udivsi3)
c:/tools/common/intelfpga_lite/18.1/nios2eds/bin/gnu/h-x86_64-mingw32/bin/../lib/gcc/nios2-elf/5.3.0\libgcc.a(_clz.o)
                              c:/tools/common/intelfpga_lite/18.1/nios2eds/bin/gnu/h-x86_64-mingw32/bin/../lib/gcc/nios2-elf/5.3.0\libgcc.a(_udivdi3.o) (__clz_tab)
c:/tools/common/intelfpga_lite/18.1/nios2eds/bin/gnu/h-x86_64-mingw32/bin/../lib/gcc/nios2-elf/5.3.0/../../../../../H-x86_64-mingw32/nios2-elf/lib\libsmallc.a(lib_a-memset.o)
                              obj/default/main.o (memset)
../SHA1_Engine_bsp/\libhal_bsp.a(alt_iic.o)
                              obj/default/main.o (alt_ic_isr_register)
../SHA1_Engine_bsp/\libhal_bsp.a(alt_iic_isr_register.o)
                              ../SHA1_Engine_bsp/\libhal_bsp.a(alt_iic.o) (alt_iic_isr_register)
../SHA1_Engine_bsp/\libhal_bsp.a(alt_irq_entry.o)
                              ../SHA1_Engine_bsp/\libhal_bsp.a(alt_iic_isr_register.o) (alt_irq_entry)
../SHA1_Engine_bsp/\libhal_bsp.a(alt_irq_handler.o)
                              ../SHA1_Engine_bsp/\libhal_bsp.a(alt_iic_isr_register.o) (alt_irq_handler)
../SHA1_Engine_bsp/\libhal_bsp.a(alt_irq_vars.o)
                              ../SHA1_Engine_bsp/\libhal_bsp.a(alt_iic.o) (alt_irq_active)
../SHA1_Engine_bsp/\libhal_bsp.a(alt_load.o)
                              ../SHA1_Engine_bsp//obj/HAL/src/crt0.o (alt_load)
../SHA1_Engine_bsp/\libhal_bsp.a(alt_main.o)
                              ../SHA1_Engine_bsp//obj/HAL/src/crt0.o (alt_main)
../SHA1_Engine_bsp/\libhal_bsp.a(alt_printf.o)
                              obj/default/main.o (alt_printf)
../SHA1_Engine_bsp/\libhal_bsp.a(alt_putchar.o)
                              ../SHA1_Engine_bsp/\libhal_bsp.a(alt_printf.o) (alt_putchar)
../SHA1_Engine_bsp/\libhal_bsp.a(alt_sys_init.o)
                              ../SHA1_Engine_bsp/\libhal_bsp.a(alt_main.o) (alt_irq_init)
../SHA1_Engine_bsp/\libhal_bsp.a(altera_avalon_jtag_uart_write.o)
                              ../SHA1_Engine_bsp/\libhal_bsp.a(alt_putchar.o) (altera_avalon_jtag_uart_write)
../SHA1_Engine_bsp/\libhal_bsp.a(altera_avalon_timer_ts.o)
                              obj/default/main.o (alt_timestamp_start)
../SHA1_Engine_bsp/\libhal_bsp.a(altera_avalon_timer_vars.o)
                              ../SHA1_Engine_bsp/\libhal_bsp.a(alt_sys_init.o) (altera_avalon_timer_ts_freq)
../SHA1_Engine_bsp/\libhal_bsp.a(alt_dcache_flush_all.o)
                              ../SHA1_Engine_bsp/\libhal_bsp.a(alt_load.o) (alt_dcache_flush_all)
../SHA1_Engine_bsp/\libhal_bsp.a(alt_exception_entry.o)
                              ../SHA1_Engine_bsp/\libhal_bsp.a(alt_irq_entry.o) (alt_exception)
../SHA1_Engine_bsp/\libhal_bsp.a(alt_icache_flush_all.o)
                              ../SHA1_Engine_bsp/\libhal_bsp.a(alt_load.o) (alt_icache_flush_all)
../SHA1_Engine_bsp/\libhal_bsp.a(alt_instruction_exception_entry.o)
                              ../SHA1_Engine_bsp/\libhal_bsp.a(alt_exception_entry.o) (alt_instruction_exception_entry)
../SHA1_Engine_bsp/\libhal_bsp.a(altera_nios2_gen2_irq.o)
                              ../SHA1_Engine_bsp/\libhal_bsp.a(alt_sys_init.o) (altera_nios2_gen2_irq_init)
../SHA1_Engine_bsp/\libhal_bsp.a(alt_icache_flush.o)
                              ../SHA1_Engine_bsp/\libhal_bsp.a(alt_icache_flush_all.o) (alt_icache_flush)

Allocating common symbols
Common symbol       size              file

alt_irq             0x100             ../SHA1_Engine_bsp/\libhal_bsp.a(alt_irq_handler.o)
irq_exchange        0x1               obj/default/main.o
input_data_array_idx
                    0x4               obj/default/main.o
word_received       0x4               obj/default/main.o
INPUT_DATA_ARRAY    0x4000            obj/default/main.o

Memory Configuration

Name             Origin             Length             Attributes
reset            0x0000000000000000 0x0000000000000020
onchip_mem       0x0000000000000020 0x0000000000007510
*default*        0x0000000000000000 0xffffffffffffffff

Linker script and memory map

LOAD ../SHA1_Engine_bsp//obj/HAL/src/crt0.o
LOAD obj/default/main.o
LOAD c:/tools/common/intelfpga_lite/18.1/nios2eds/bin/gnu/h-x86_64-mingw32/bin/../lib/gcc/nios2-elf/5.3.0/../../../../../H-x86_64-mingw32/nios2-elf/lib\libstdc++.a
LOAD c:/tools/common/intelfpga_lite/18.1/nios2eds/bin/gnu/h-x86_64-mingw32/bin/../lib/gcc/nios2-elf/5.3.0/../../../../../H-x86_64-mingw32/nios2-elf/lib\libm.a
LOAD c:/tools/common/intelfpga_lite/18.1/nios2eds/bin/gnu/h-x86_64-mingw32/bin/../lib/gcc/nios2-elf/5.3.0\libgcc.a
START GROUP
LOAD c:/tools/common/intelfpga_lite/18.1/nios2eds/bin/gnu/h-x86_64-mingw32/bin/../lib/gcc/nios2-elf/5.3.0/../../../../../H-x86_64-mingw32/nios2-elf/lib\libsmallc.a
LOAD c:/tools/common/intelfpga_lite/18.1/nios2eds/bin/gnu/h-x86_64-mingw32/bin/../lib/gcc/nios2-elf/5.3.0\libgcc.a
LOAD ../SHA1_Engine_bsp/\libhal_bsp.a
LOAD c:/tools/common/intelfpga_lite/18.1/nios2eds/bin/gnu/h-x86_64-mingw32/bin/../lib/gcc/nios2-elf/5.3.0/../../../../../H-x86_64-mingw32/nios2-elf/lib\libm.a
END GROUP
LOAD c:/tools/common/intelfpga_lite/18.1/nios2eds/bin/gnu/h-x86_64-mingw32/bin/../lib/gcc/nios2-elf/5.3.0\libgcc.a
                0x0000000000000000                __alt_mem_onchip_mem = 0x0

.entry          0x0000000000000000       0x20
 *(.entry)
 .entry         0x0000000000000000       0x20 ../SHA1_Engine_bsp//obj/HAL/src/crt0.o
                0x0000000000000000                __reset
                0x000000000000001c                _exit

.exceptions     0x0000000000000020      0x1c0
                0x0000000000000020                PROVIDE (__ram_exceptions_start, ABSOLUTE (.))
                0x0000000000000020                . = ALIGN (0x20)
 *(.irq)
 *(.exceptions.entry.label)
 .exceptions.entry.label
                0x0000000000000020        0x0 ../SHA1_Engine_bsp/\libhal_bsp.a(alt_irq_entry.o)
                0x0000000000000020                alt_irq_entry
 .exceptions.entry.label
                0x0000000000000020        0x0 ../SHA1_Engine_bsp/\libhal_bsp.a(alt_exception_entry.o)
                0x0000000000000020                alt_exception
 *(.exceptions.entry.user)
 *(.exceptions.entry.ecc_fatal)
 *(.exceptions.entry)
 .exceptions.entry
                0x0000000000000020       0x54 ../SHA1_Engine_bsp/\libhal_bsp.a(alt_exception_entry.o)
 *(.exceptions.irqtest.user)
 *(.exceptions.irqtest)
 .exceptions.irqtest
                0x0000000000000074       0x10 ../SHA1_Engine_bsp/\libhal_bsp.a(alt_irq_entry.o)
 *(.exceptions.irqhandler.user)
 *(.exceptions.irqhandler)
 .exceptions.irqhandler
                0x0000000000000084        0x4 ../SHA1_Engine_bsp/\libhal_bsp.a(alt_irq_entry.o)
 *(.exceptions.irqreturn.user)
 *(.exceptions.irqreturn)
 .exceptions.irqreturn
                0x0000000000000088        0x4 ../SHA1_Engine_bsp/\libhal_bsp.a(alt_irq_entry.o)
 *(.exceptions.notirq.label)
 .exceptions.notirq.label
                0x000000000000008c        0x0 ../SHA1_Engine_bsp/\libhal_bsp.a(alt_irq_entry.o)
 *(.exceptions.notirq.user)
 *(.exceptions.notirq)
 .exceptions.notirq
                0x000000000000008c        0x8 ../SHA1_Engine_bsp/\libhal_bsp.a(alt_exception_entry.o)
 *(.exceptions.soft.user)
 *(.exceptions.soft)
 *(.exceptions.unknown.user)
 *(.exceptions.unknown)
 .exceptions.unknown
                0x0000000000000094       0x14 ../SHA1_Engine_bsp/\libhal_bsp.a(alt_exception_entry.o)
 *(.exceptions.exit.label)
 .exceptions.exit.label
                0x00000000000000a8        0x0 ../SHA1_Engine_bsp/\libhal_bsp.a(alt_irq_entry.o)
 .exceptions.exit.label
                0x00000000000000a8        0x0 ../SHA1_Engine_bsp/\libhal_bsp.a(alt_exception_entry.o)
 *(.exceptions.exit.user)
 *(.exceptions.exit)
 .exceptions.exit
                0x00000000000000a8       0x54 ../SHA1_Engine_bsp/\libhal_bsp.a(alt_exception_entry.o)
 *(.exceptions)
 .exceptions    0x00000000000000fc       0x58 obj/default/main.o
 .exceptions    0x0000000000000154       0x60 ../SHA1_Engine_bsp/\libhal_bsp.a(alt_irq_handler.o)
                0x0000000000000154                alt_irq_handler
 .exceptions    0x00000000000001b4       0x2c ../SHA1_Engine_bsp/\libhal_bsp.a(alt_instruction_exception_entry.o)
                0x00000000000001b4                alt_instruction_exception_entry
                0x00000000000001e0                PROVIDE (__ram_exceptions_end, ABSOLUTE (.))
                0x0000000000000020                PROVIDE (__flash_exceptions_start, LOADADDR (.exceptions))

.text           0x00000000000001e0     0x1750
                [!provide]                        PROVIDE (stext, ABSOLUTE (.))
 *(.interp)
 *(.hash)
 *(.dynsym)
 *(.dynstr)
 *(.gnu.version)
 *(.gnu.version_d)
 *(.gnu.version_r)
 *(.rel.init)
 *(.rela.init)
 *(.rel.text .rel.text.* .rel.gnu.linkonce.t.*)
 *(.rela.text .rela.text.* .rela.gnu.linkonce.t.*)
 *(.rel.fini)
 *(.rela.fini)
 *(.rel.rodata .rel.rodata.* .rel.gnu.linkonce.r.*)
 *(.rela.rodata .rela.rodata.* .rela.gnu.linkonce.r.*)
 *(.rel.data .rel.data.* .rel.gnu.linkonce.d.*)
 *(.rela.data .rela.data.* .rela.gnu.linkonce.d.*)
 *(.rel.tdata .rel.tdata.* .rel.gnu.linkonce.td.*)
 *(.rela.tdata .rela.tdata.* .rela.gnu.linkonce.td.*)
 *(.rel.tbss .rel.tbss.* .rel.gnu.linkonce.tb.*)
 *(.rela.tbss .rela.tbss.* .rela.gnu.linkonce.tb.*)
 *(.rel.ctors)
 *(.rela.ctors)
 *(.rel.dtors)
 *(.rela.dtors)
 *(.rel.got)
 *(.rela.got)
 *(.rel.sdata .rel.sdata.* .rel.gnu.linkonce.s.*)
 *(.rela.sdata .rela.sdata.* .rela.gnu.linkonce.s.*)
 *(.rel.sbss .rel.sbss.* .rel.gnu.linkonce.sb.*)
 *(.rela.sbss .rela.sbss.* .rela.gnu.linkonce.sb.*)
 *(.rel.sdata2 .rel.sdata2.* .rel.gnu.linkonce.s2.*)
 *(.rela.sdata2 .rela.sdata2.* .rela.gnu.linkonce.s2.*)
 *(.rel.sbss2 .rel.sbss2.* .rel.gnu.linkonce.sb2.*)
 *(.rela.sbss2 .rela.sbss2.* .rela.gnu.linkonce.sb2.*)
 *(.rel.bss .rel.bss.* .rel.gnu.linkonce.b.*)
 *(.rela.bss .rela.bss.* .rela.gnu.linkonce.b.*)
 *(.rel.plt)
 *(.rela.plt)
 *(.rel.dyn)
 *(.init)
 *(.plt)
 *(.text .stub .text.* .gnu.linkonce.t.*)
 .text          0x00000000000001e0       0x4c ../SHA1_Engine_bsp//obj/HAL/src/crt0.o
                0x00000000000001e0                _start
 .text          0x000000000000022c      0xa38 obj/default/main.o
                0x000000000000022c                sha1_PreProcessing
                0x000000000000033c                sha1_Computation
                0x00000000000006ec                task_sha1_benchmarking
                0x0000000000000c5c                circularshift
 .text.startup  0x0000000000000c64        0xc obj/default/main.o
                0x0000000000000c64                main
 .text          0x0000000000000c70      0x578 c:/tools/common/intelfpga_lite/18.1/nios2eds/bin/gnu/h-x86_64-mingw32/bin/../lib/gcc/nios2-elf/5.3.0\libgcc.a(_udivdi3.o)
                0x0000000000000c70                __udivdi3
 .text          0x00000000000011e8      0x1b4 c:/tools/common/intelfpga_lite/18.1/nios2eds/bin/gnu/h-x86_64-mingw32/bin/../lib/gcc/nios2-elf/5.3.0\libgcc.a(lib2-divmod.o)
                0x00000000000011e8                __divsi3
                0x000000000000126c                __modsi3
                0x00000000000012e0                __udivsi3
                0x0000000000001344                __umodsi3
 .text          0x000000000000139c        0x0 c:/tools/common/intelfpga_lite/18.1/nios2eds/bin/gnu/h-x86_64-mingw32/bin/../lib/gcc/nios2-elf/5.3.0\libgcc.a(_clz.o)
 .text          0x000000000000139c        0x0 c:/tools/common/intelfpga_lite/18.1/nios2eds/bin/gnu/h-x86_64-mingw32/bin/../lib/gcc/nios2-elf/5.3.0/../../../../../H-x86_64-mingw32/nios2-elf/lib\libsmallc.a(lib_a-memset.o)
 .text.memset   0x000000000000139c       0x20 c:/tools/common/intelfpga_lite/18.1/nios2eds/bin/gnu/h-x86_64-mingw32/bin/../lib/gcc/nios2-elf/5.3.0/../../../../../H-x86_64-mingw32/nios2-elf/lib\libsmallc.a(lib_a-memset.o)
                0x000000000000139c                memset
 .text          0x00000000000013bc       0x8c ../SHA1_Engine_bsp/\libhal_bsp.a(alt_iic.o)
                0x00000000000013bc                alt_ic_isr_register
                0x00000000000013c0                alt_ic_irq_enable
                0x00000000000013f8                alt_ic_irq_disable
                0x0000000000001430                alt_ic_irq_enabled
 .text          0x0000000000001448       0x68 ../SHA1_Engine_bsp/\libhal_bsp.a(alt_iic_isr_register.o)
                0x0000000000001448                alt_iic_isr_register
 .text          0x00000000000014b0        0x0 ../SHA1_Engine_bsp/\libhal_bsp.a(alt_irq_entry.o)
 .text          0x00000000000014b0        0x0 ../SHA1_Engine_bsp/\libhal_bsp.a(alt_irq_handler.o)
 .text          0x00000000000014b0        0x0 ../SHA1_Engine_bsp/\libhal_bsp.a(alt_irq_vars.o)
 .text          0x00000000000014b0       0xe0 ../SHA1_Engine_bsp/\libhal_bsp.a(alt_load.o)
                0x00000000000014b0                alt_load
 .text          0x0000000000001590       0x2c ../SHA1_Engine_bsp/\libhal_bsp.a(alt_main.o)
                0x0000000000001590                alt_main
 .text          0x00000000000015bc      0x170 ../SHA1_Engine_bsp/\libhal_bsp.a(alt_printf.o)
                0x00000000000015bc                alt_printf
 .text          0x000000000000172c       0x48 ../SHA1_Engine_bsp/\libhal_bsp.a(alt_putchar.o)
                0x000000000000172c                alt_putchar
 .text          0x0000000000001774       0x38 ../SHA1_Engine_bsp/\libhal_bsp.a(alt_sys_init.o)
                0x0000000000001774                alt_irq_init
                0x0000000000001794                alt_sys_init
 .text          0x00000000000017ac       0x34 ../SHA1_Engine_bsp/\libhal_bsp.a(altera_avalon_jtag_uart_write.o)
                0x00000000000017ac                altera_avalon_jtag_uart_write
 .text          0x00000000000017e0       0x78 ../SHA1_Engine_bsp/\libhal_bsp.a(altera_avalon_timer_ts.o)
                0x00000000000017e0                alt_timestamp_start
                0x000000000000181c                alt_timestamp
                0x0000000000001850                alt_timestamp_freq
 .text          0x0000000000001858        0x0 ../SHA1_Engine_bsp/\libhal_bsp.a(altera_avalon_timer_vars.o)
 .text          0x0000000000001858       0x18 ../SHA1_Engine_bsp/\libhal_bsp.a(alt_dcache_flush_all.o)
                0x0000000000001858                alt_dcache_flush_all
 .text          0x0000000000001870        0x0 ../SHA1_Engine_bsp/\libhal_bsp.a(alt_exception_entry.o)
 .text          0x0000000000001870        0xc ../SHA1_Engine_bsp/\libhal_bsp.a(alt_icache_flush_all.o)
                0x0000000000001870                alt_icache_flush_all
 .text          0x000000000000187c       0x74 ../SHA1_Engine_bsp/\libhal_bsp.a(alt_instruction_exception_entry.o)
                0x000000000000187c                alt_exception_cause_generated_bad_addr
 .text          0x00000000000018f0        0x8 ../SHA1_Engine_bsp/\libhal_bsp.a(altera_nios2_gen2_irq.o)
                0x00000000000018f0                altera_nios2_gen2_irq_init
 .text          0x00000000000018f8       0x38 ../SHA1_Engine_bsp/\libhal_bsp.a(alt_icache_flush.o)
                0x00000000000018f8                alt_icache_flush
 *(.gnu.warning.*)
 *(.fini)
                [!provide]                        PROVIDE (__etext, ABSOLUTE (.))
                [!provide]                        PROVIDE (_etext, ABSOLUTE (.))
                [!provide]                        PROVIDE (etext, ABSOLUTE (.))
 *(.eh_frame_hdr)
                0x0000000000001930                . = ALIGN (0x4)
                [!provide]                        PROVIDE (__preinit_array_start, ABSOLUTE (.))
 *(.preinit_array)
                [!provide]                        PROVIDE (__preinit_array_end, ABSOLUTE (.))
                [!provide]                        PROVIDE (__init_array_start, ABSOLUTE (.))
 *(.init_array)
                [!provide]                        PROVIDE (__init_array_end, ABSOLUTE (.))
                [!provide]                        PROVIDE (__fini_array_start, ABSOLUTE (.))
 *(.fini_array)
                [!provide]                        PROVIDE (__fini_array_end, ABSOLUTE (.))
 *(.eh_frame)
 *(.gcc_except_table .gcc_except_table.*)
 *(.dynamic)
                [!provide]                        PROVIDE (__CTOR_LIST__, ABSOLUTE (.))
 *(.ctors)
 *(SORT(.ctors.*))
                [!provide]                        PROVIDE (__CTOR_END__, ABSOLUTE (.))
                [!provide]                        PROVIDE (__DTOR_LIST__, ABSOLUTE (.))
 *(.dtors)
 *(SORT(.dtors.*))
                [!provide]                        PROVIDE (__DTOR_END__, ABSOLUTE (.))
 *(.jcr)
                0x0000000000001930                . = ALIGN (0x4)

.rodata         0x0000000000001930      0x34c
                0x0000000000001930                PROVIDE (__ram_rodata_start, ABSOLUTE (.))
                0x0000000000001930                . = ALIGN (0x4)
 *(.rodata .rodata.* .gnu.linkonce.r.*)
 .rodata.str1.4
                0x0000000000001930      0x23c obj/default/main.o
                                        0x244 (size before relaxing)
 .rodata        0x0000000000001b6c       0x10 obj/default/main.o
                0x0000000000001b6c                K
 .rodata        0x0000000000001b7c      0x100 c:/tools/common/intelfpga_lite/18.1/nios2eds/bin/gnu/h-x86_64-mingw32/bin/../lib/gcc/nios2-elf/5.3.0\libgcc.a(_clz.o)
                0x0000000000001b7c                __clz_tab
 *(.rodata1)
                0x0000000000001c7c                . = ALIGN (0x4)
                0x0000000000001c7c                PROVIDE (__ram_rodata_end, ABSOLUTE (.))
                0x0000000000001930                PROVIDE (__flash_rodata_start, LOADADDR (.rodata))

.rwdata         0x0000000000001c7c       0x1c load address 0x0000000000001c98
                0x0000000000001c7c                PROVIDE (__ram_rwdata_start, ABSOLUTE (.))
                0x0000000000001c7c                . = ALIGN (0x4)
 *(.got.plt)
 *(.got)
 *(.data1)
 *(.data .data.* .gnu.linkonce.d.*)
 .data          0x0000000000001c7c        0x0 ../SHA1_Engine_bsp//obj/HAL/src/crt0.o
 .data          0x0000000000001c7c       0x14 obj/default/main.o
                0x0000000000001c7c                H
 .data          0x0000000000001c90        0x0 c:/tools/common/intelfpga_lite/18.1/nios2eds/bin/gnu/h-x86_64-mingw32/bin/../lib/gcc/nios2-elf/5.3.0\libgcc.a(_udivdi3.o)
 .data          0x0000000000001c90        0x0 c:/tools/common/intelfpga_lite/18.1/nios2eds/bin/gnu/h-x86_64-mingw32/bin/../lib/gcc/nios2-elf/5.3.0\libgcc.a(lib2-divmod.o)
 .data          0x0000000000001c90        0x0 c:/tools/common/intelfpga_lite/18.1/nios2eds/bin/gnu/h-x86_64-mingw32/bin/../lib/gcc/nios2-elf/5.3.0\libgcc.a(_clz.o)
 .data          0x0000000000001c90        0x0 c:/tools/common/intelfpga_lite/18.1/nios2eds/bin/gnu/h-x86_64-mingw32/bin/../lib/gcc/nios2-elf/5.3.0/../../../../../H-x86_64-mingw32/nios2-elf/lib\libsmallc.a(lib_a-memset.o)
 .data          0x0000000000001c90        0x0 ../SHA1_Engine_bsp/\libhal_bsp.a(alt_iic.o)
 .data          0x0000000000001c90        0x0 ../SHA1_Engine_bsp/\libhal_bsp.a(alt_iic_isr_register.o)
 .data          0x0000000000001c90        0x0 ../SHA1_Engine_bsp/\libhal_bsp.a(alt_irq_entry.o)
 .data          0x0000000000001c90        0x0 ../SHA1_Engine_bsp/\libhal_bsp.a(alt_irq_handler.o)
 .data          0x0000000000001c90        0x0 ../SHA1_Engine_bsp/\libhal_bsp.a(alt_irq_vars.o)
 .data          0x0000000000001c90        0x0 ../SHA1_Engine_bsp/\libhal_bsp.a(alt_load.o)
 .data          0x0000000000001c90        0x0 ../SHA1_Engine_bsp/\libhal_bsp.a(alt_main.o)
 .data          0x0000000000001c90        0x0 ../SHA1_Engine_bsp/\libhal_bsp.a(alt_printf.o)
 .data          0x0000000000001c90        0x0 ../SHA1_Engine_bsp/\libhal_bsp.a(alt_putchar.o)
 .data          0x0000000000001c90        0x0 ../SHA1_Engine_bsp/\libhal_bsp.a(alt_sys_init.o)
 .data          0x0000000000001c90        0x0 ../SHA1_Engine_bsp/\libhal_bsp.a(altera_avalon_jtag_uart_write.o)
 .data          0x0000000000001c90        0x0 ../SHA1_Engine_bsp/\libhal_bsp.a(altera_avalon_timer_ts.o)
 .data          0x0000000000001c90        0x0 ../SHA1_Engine_bsp/\libhal_bsp.a(altera_avalon_timer_vars.o)
 .data          0x0000000000001c90        0x0 ../SHA1_Engine_bsp/\libhal_bsp.a(alt_dcache_flush_all.o)
 .data          0x0000000000001c90        0x0 ../SHA1_Engine_bsp/\libhal_bsp.a(alt_exception_entry.o)
 .data          0x0000000000001c90        0x0 ../SHA1_Engine_bsp/\libhal_bsp.a(alt_icache_flush_all.o)
 .data          0x0000000000001c90        0x0 ../SHA1_Engine_bsp/\libhal_bsp.a(alt_instruction_exception_entry.o)
 .data          0x0000000000001c90        0x0 ../SHA1_Engine_bsp/\libhal_bsp.a(altera_nios2_gen2_irq.o)
 .data          0x0000000000001c90        0x0 ../SHA1_Engine_bsp/\libhal_bsp.a(alt_icache_flush.o)
                0x0000000000009c90                _gp = ABSOLUTE ((. + 0x8000))
                [!provide]                        PROVIDE (gp, _gp)
 *(.rwdata .rwdata.*)
 *(.sdata .sdata.* .gnu.linkonce.s.*)
 .sdata         0x0000000000001c90        0x4 ../SHA1_Engine_bsp/\libhal_bsp.a(alt_irq_vars.o)
                0x0000000000001c90                alt_priority_mask
 .sdata         0x0000000000001c94        0x4 ../SHA1_Engine_bsp/\libhal_bsp.a(alt_sys_init.o)
                0x0000000000001c94                jtag_uart_core
 *(.sdata2 .sdata2.* .gnu.linkonce.s2.*)
                0x0000000000001c98                . = ALIGN (0x4)
                0x0000000000001c98                _edata = ABSOLUTE (.)
                [!provide]                        PROVIDE (edata, ABSOLUTE (.))
                0x0000000000001c98                PROVIDE (__ram_rwdata_end, ABSOLUTE (.))
                0x0000000000001c98                PROVIDE (__flash_rwdata_start, LOADADDR (.rwdata))

.bss            0x0000000000001cb4     0x4128
                0x0000000000001cb4                __bss_start = ABSOLUTE (.)
                [!provide]                        PROVIDE (__sbss_start, ABSOLUTE (.))
                [!provide]                        PROVIDE (___sbss_start, ABSOLUTE (.))
 *(.dynsbss)
 *(.sbss .sbss.* .gnu.linkonce.sb.*)
 .sbss          0x0000000000001cb4        0xc obj/default/main.o
                0x0000000000001cb4                irq_exchange
                0x0000000000001cb8                input_data_array_idx
                0x0000000000001cbc                word_received
 .sbss          0x0000000000001cc0        0x4 ../SHA1_Engine_bsp/\libhal_bsp.a(alt_irq_vars.o)
                0x0000000000001cc0                alt_irq_active
 .sbss          0x0000000000001cc4        0xc ../SHA1_Engine_bsp/\libhal_bsp.a(alt_main.o)
                0x0000000000001cc4                alt_envp
                0x0000000000001cc8                alt_argv
                0x0000000000001ccc                alt_argc
 .sbss          0x0000000000001cd0        0x8 ../SHA1_Engine_bsp/\libhal_bsp.a(altera_avalon_timer_vars.o)
                0x0000000000001cd0                altera_avalon_timer_ts_freq
                0x0000000000001cd4                altera_avalon_timer_ts_base
 .sbss          0x0000000000001cd8        0x4 ../SHA1_Engine_bsp/\libhal_bsp.a(alt_instruction_exception_entry.o)
                0x0000000000001cd8                alt_instruction_exception_handler
 *(.sbss2 .sbss2.* .gnu.linkonce.sb2.*)
 *(.scommon)
                [!provide]                        PROVIDE (__sbss_end, ABSOLUTE (.))
                [!provide]                        PROVIDE (___sbss_end, ABSOLUTE (.))
 *(.dynbss)
 *(.bss .bss.* .gnu.linkonce.b.*)
 .bss           0x0000000000001cdc        0x0 ../SHA1_Engine_bsp//obj/HAL/src/crt0.o
 .bss           0x0000000000001cdc        0x0 obj/default/main.o
 .bss           0x0000000000001cdc        0x0 c:/tools/common/intelfpga_lite/18.1/nios2eds/bin/gnu/h-x86_64-mingw32/bin/../lib/gcc/nios2-elf/5.3.0\libgcc.a(_udivdi3.o)
 .bss           0x0000000000001cdc        0x0 c:/tools/common/intelfpga_lite/18.1/nios2eds/bin/gnu/h-x86_64-mingw32/bin/../lib/gcc/nios2-elf/5.3.0\libgcc.a(lib2-divmod.o)
 .bss           0x0000000000001cdc        0x0 c:/tools/common/intelfpga_lite/18.1/nios2eds/bin/gnu/h-x86_64-mingw32/bin/../lib/gcc/nios2-elf/5.3.0\libgcc.a(_clz.o)
 .bss           0x0000000000001cdc        0x0 c:/tools/common/intelfpga_lite/18.1/nios2eds/bin/gnu/h-x86_64-mingw32/bin/../lib/gcc/nios2-elf/5.3.0/../../../../../H-x86_64-mingw32/nios2-elf/lib\libsmallc.a(lib_a-memset.o)
 .bss           0x0000000000001cdc        0x0 ../SHA1_Engine_bsp/\libhal_bsp.a(alt_iic.o)
 .bss           0x0000000000001cdc        0x0 ../SHA1_Engine_bsp/\libhal_bsp.a(alt_iic_isr_register.o)
 .bss           0x0000000000001cdc        0x0 ../SHA1_Engine_bsp/\libhal_bsp.a(alt_irq_entry.o)
 .bss           0x0000000000001cdc        0x0 ../SHA1_Engine_bsp/\libhal_bsp.a(alt_irq_handler.o)
 .bss           0x0000000000001cdc        0x0 ../SHA1_Engine_bsp/\libhal_bsp.a(alt_irq_vars.o)
 .bss           0x0000000000001cdc        0x0 ../SHA1_Engine_bsp/\libhal_bsp.a(alt_load.o)
 .bss           0x0000000000001cdc        0x0 ../SHA1_Engine_bsp/\libhal_bsp.a(alt_main.o)
 .bss           0x0000000000001cdc        0x0 ../SHA1_Engine_bsp/\libhal_bsp.a(alt_printf.o)
 .bss           0x0000000000001cdc        0x0 ../SHA1_Engine_bsp/\libhal_bsp.a(alt_putchar.o)
 .bss           0x0000000000001cdc        0x0 ../SHA1_Engine_bsp/\libhal_bsp.a(alt_sys_init.o)
 .bss           0x0000000000001cdc        0x0 ../SHA1_Engine_bsp/\libhal_bsp.a(altera_avalon_jtag_uart_write.o)
 .bss           0x0000000000001cdc        0x0 ../SHA1_Engine_bsp/\libhal_bsp.a(altera_avalon_timer_ts.o)
 .bss           0x0000000000001cdc        0x0 ../SHA1_Engine_bsp/\libhal_bsp.a(altera_avalon_timer_vars.o)
 .bss           0x0000000000001cdc        0x0 ../SHA1_Engine_bsp/\libhal_bsp.a(alt_dcache_flush_all.o)
 .bss           0x0000000000001cdc        0x0 ../SHA1_Engine_bsp/\libhal_bsp.a(alt_exception_entry.o)
 .bss           0x0000000000001cdc        0x0 ../SHA1_Engine_bsp/\libhal_bsp.a(alt_icache_flush_all.o)
 .bss           0x0000000000001cdc        0x0 ../SHA1_Engine_bsp/\libhal_bsp.a(alt_instruction_exception_entry.o)
 .bss           0x0000000000001cdc        0x0 ../SHA1_Engine_bsp/\libhal_bsp.a(altera_nios2_gen2_irq.o)
 .bss           0x0000000000001cdc        0x0 ../SHA1_Engine_bsp/\libhal_bsp.a(alt_icache_flush.o)
 *(COMMON)
 COMMON         0x0000000000001cdc     0x4000 obj/default/main.o
                0x0000000000001cdc                INPUT_DATA_ARRAY
 COMMON         0x0000000000005cdc      0x100 ../SHA1_Engine_bsp/\libhal_bsp.a(alt_irq_handler.o)
                0x0000000000005cdc                alt_irq
                0x0000000000005ddc                . = ALIGN (0x4)
                0x0000000000005ddc                __bss_end = ABSOLUTE (.)

.onchip_mem     0x0000000000005ddc        0x0
                [!provide]                        PROVIDE (_alt_partition_onchip_mem_start, ABSOLUTE (.))
 *(.onchip_mem .onchip_mem. onchip_mem.*)
                0x0000000000005ddc                . = ALIGN (0x4)
                [!provide]                        PROVIDE (_alt_partition_onchip_mem_end, ABSOLUTE (.))
                0x0000000000005ddc                _end = ABSOLUTE (.)
                0x0000000000005ddc                end = ABSOLUTE (.)
                0x0000000000005ddc                __alt_stack_base = ABSOLUTE (.)
                [!provide]                        PROVIDE (_alt_partition_onchip_mem_load_addr, LOADADDR (.onchip_mem))

.stab
 *(.stab)

.stabstr
 *(.stabstr)

.stab.excl
 *(.stab.excl)

.stab.exclstr
 *(.stab.exclstr)

.stab.index
 *(.stab.index)

.stab.indexstr
 *(.stab.indexstr)

.comment        0x0000000000000000       0x23
 *(.comment)
 .comment       0x0000000000000000       0x23 obj/default/main.o
                                         0x24 (size before relaxing)
 .comment       0x0000000000000023       0x24 c:/tools/common/intelfpga_lite/18.1/nios2eds/bin/gnu/h-x86_64-mingw32/bin/../lib/gcc/nios2-elf/5.3.0\libgcc.a(_udivdi3.o)
 .comment       0x0000000000000023       0x24 c:/tools/common/intelfpga_lite/18.1/nios2eds/bin/gnu/h-x86_64-mingw32/bin/../lib/gcc/nios2-elf/5.3.0\libgcc.a(lib2-divmod.o)
 .comment       0x0000000000000023       0x24 c:/tools/common/intelfpga_lite/18.1/nios2eds/bin/gnu/h-x86_64-mingw32/bin/../lib/gcc/nios2-elf/5.3.0\libgcc.a(_clz.o)
 .comment       0x0000000000000023       0x24 c:/tools/common/intelfpga_lite/18.1/nios2eds/bin/gnu/h-x86_64-mingw32/bin/../lib/gcc/nios2-elf/5.3.0/../../../../../H-x86_64-mingw32/nios2-elf/lib\libsmallc.a(lib_a-memset.o)
 .comment       0x0000000000000023       0x24 ../SHA1_Engine_bsp/\libhal_bsp.a(alt_iic.o)
 .comment       0x0000000000000023       0x24 ../SHA1_Engine_bsp/\libhal_bsp.a(alt_iic_isr_register.o)
 .comment       0x0000000000000023       0x24 ../SHA1_Engine_bsp/\libhal_bsp.a(alt_irq_handler.o)
 .comment       0x0000000000000023       0x24 ../SHA1_Engine_bsp/\libhal_bsp.a(alt_irq_vars.o)
 .comment       0x0000000000000023       0x24 ../SHA1_Engine_bsp/\libhal_bsp.a(alt_load.o)
 .comment       0x0000000000000023       0x24 ../SHA1_Engine_bsp/\libhal_bsp.a(alt_main.o)
 .comment       0x0000000000000023       0x24 ../SHA1_Engine_bsp/\libhal_bsp.a(alt_printf.o)
 .comment       0x0000000000000023       0x24 ../SHA1_Engine_bsp/\libhal_bsp.a(alt_putchar.o)
 .comment       0x0000000000000023       0x24 ../SHA1_Engine_bsp/\libhal_bsp.a(alt_sys_init.o)
 .comment       0x0000000000000023       0x24 ../SHA1_Engine_bsp/\libhal_bsp.a(altera_avalon_jtag_uart_write.o)
 .comment       0x0000000000000023       0x24 ../SHA1_Engine_bsp/\libhal_bsp.a(altera_avalon_timer_ts.o)
 .comment       0x0000000000000023       0x24 ../SHA1_Engine_bsp/\libhal_bsp.a(altera_avalon_timer_vars.o)
 .comment       0x0000000000000023       0x24 ../SHA1_Engine_bsp/\libhal_bsp.a(alt_dcache_flush_all.o)
 .comment       0x0000000000000023       0x24 ../SHA1_Engine_bsp/\libhal_bsp.a(alt_icache_flush_all.o)
 .comment       0x0000000000000023       0x24 ../SHA1_Engine_bsp/\libhal_bsp.a(alt_instruction_exception_entry.o)
 .comment       0x0000000000000023       0x24 ../SHA1_Engine_bsp/\libhal_bsp.a(altera_nios2_gen2_irq.o)
 .comment       0x0000000000000023       0x24 ../SHA1_Engine_bsp/\libhal_bsp.a(alt_icache_flush.o)

.debug
 *(.debug)

.line
 *(.line)

.debug_srcinfo
 *(.debug_srcinfo)

.debug_sfnames
 *(.debug_sfnames)

.debug_aranges  0x0000000000000000      0x350
 *(.debug_aranges)
 .debug_aranges
                0x0000000000000000       0x28 ../SHA1_Engine_bsp//obj/HAL/src/crt0.o
 .debug_aranges
                0x0000000000000028       0x30 obj/default/main.o
 .debug_aranges
                0x0000000000000058       0x20 c:/tools/common/intelfpga_lite/18.1/nios2eds/bin/gnu/h-x86_64-mingw32/bin/../lib/gcc/nios2-elf/5.3.0\libgcc.a(_udivdi3.o)
 .debug_aranges
                0x0000000000000078       0x20 c:/tools/common/intelfpga_lite/18.1/nios2eds/bin/gnu/h-x86_64-mingw32/bin/../lib/gcc/nios2-elf/5.3.0\libgcc.a(lib2-divmod.o)
 .debug_aranges
                0x0000000000000098       0x18 c:/tools/common/intelfpga_lite/18.1/nios2eds/bin/gnu/h-x86_64-mingw32/bin/../lib/gcc/nios2-elf/5.3.0\libgcc.a(_clz.o)
 .debug_aranges
                0x00000000000000b0       0x20 c:/tools/common/intelfpga_lite/18.1/nios2eds/bin/gnu/h-x86_64-mingw32/bin/../lib/gcc/nios2-elf/5.3.0/../../../../../H-x86_64-mingw32/nios2-elf/lib\libsmallc.a(lib_a-memset.o)
 .debug_aranges
                0x00000000000000d0       0x20 ../SHA1_Engine_bsp/\libhal_bsp.a(alt_iic.o)
 .debug_aranges
                0x00000000000000f0       0x20 ../SHA1_Engine_bsp/\libhal_bsp.a(alt_iic_isr_register.o)
 .debug_aranges
                0x0000000000000110       0x30 ../SHA1_Engine_bsp/\libhal_bsp.a(alt_irq_entry.o)
 .debug_aranges
                0x0000000000000140       0x20 ../SHA1_Engine_bsp/\libhal_bsp.a(alt_irq_handler.o)
 .debug_aranges
                0x0000000000000160       0x18 ../SHA1_Engine_bsp/\libhal_bsp.a(alt_irq_vars.o)
 .debug_aranges
                0x0000000000000178       0x20 ../SHA1_Engine_bsp/\libhal_bsp.a(alt_load.o)
 .debug_aranges
                0x0000000000000198       0x20 ../SHA1_Engine_bsp/\libhal_bsp.a(alt_main.o)
 .debug_aranges
                0x00000000000001b8       0x20 ../SHA1_Engine_bsp/\libhal_bsp.a(alt_printf.o)
 .debug_aranges
                0x00000000000001d8       0x20 ../SHA1_Engine_bsp/\libhal_bsp.a(alt_putchar.o)
 .debug_aranges
                0x00000000000001f8       0x20 ../SHA1_Engine_bsp/\libhal_bsp.a(alt_sys_init.o)
 .debug_aranges
                0x0000000000000218       0x20 ../SHA1_Engine_bsp/\libhal_bsp.a(altera_avalon_jtag_uart_write.o)
 .debug_aranges
                0x0000000000000238       0x20 ../SHA1_Engine_bsp/\libhal_bsp.a(altera_avalon_timer_ts.o)
 .debug_aranges
                0x0000000000000258       0x18 ../SHA1_Engine_bsp/\libhal_bsp.a(altera_avalon_timer_vars.o)
 .debug_aranges
                0x0000000000000270       0x20 ../SHA1_Engine_bsp/\libhal_bsp.a(alt_dcache_flush_all.o)
 .debug_aranges
                0x0000000000000290       0x38 ../SHA1_Engine_bsp/\libhal_bsp.a(alt_exception_entry.o)
 .debug_aranges
                0x00000000000002c8       0x20 ../SHA1_Engine_bsp/\libhal_bsp.a(alt_icache_flush_all.o)
 .debug_aranges
                0x00000000000002e8       0x28 ../SHA1_Engine_bsp/\libhal_bsp.a(alt_instruction_exception_entry.o)
 .debug_aranges
                0x0000000000000310       0x20 ../SHA1_Engine_bsp/\libhal_bsp.a(altera_nios2_gen2_irq.o)
 .debug_aranges
                0x0000000000000330       0x20 ../SHA1_Engine_bsp/\libhal_bsp.a(alt_icache_flush.o)

.debug_pubnames
 *(.debug_pubnames)

.debug_info     0x0000000000000000     0x304c
 *(.debug_info .gnu.linkonce.wi.*)
 .debug_info    0x0000000000000000       0x82 ../SHA1_Engine_bsp//obj/HAL/src/crt0.o
 .debug_info    0x0000000000000082      0xb7d obj/default/main.o
 .debug_info    0x0000000000000bff      0x70e c:/tools/common/intelfpga_lite/18.1/nios2eds/bin/gnu/h-x86_64-mingw32/bin/../lib/gcc/nios2-elf/5.3.0\libgcc.a(_udivdi3.o)
 .debug_info    0x000000000000130d      0x2c6 c:/tools/common/intelfpga_lite/18.1/nios2eds/bin/gnu/h-x86_64-mingw32/bin/../lib/gcc/nios2-elf/5.3.0\libgcc.a(lib2-divmod.o)
 .debug_info    0x00000000000015d3       0xb2 c:/tools/common/intelfpga_lite/18.1/nios2eds/bin/gnu/h-x86_64-mingw32/bin/../lib/gcc/nios2-elf/5.3.0\libgcc.a(_clz.o)
 .debug_info    0x0000000000001685       0xdc c:/tools/common/intelfpga_lite/18.1/nios2eds/bin/gnu/h-x86_64-mingw32/bin/../lib/gcc/nios2-elf/5.3.0/../../../../../H-x86_64-mingw32/nios2-elf/lib\libsmallc.a(lib_a-memset.o)
 .debug_info    0x0000000000001761      0x38a ../SHA1_Engine_bsp/\libhal_bsp.a(alt_iic.o)
 .debug_info    0x0000000000001aeb      0x232 ../SHA1_Engine_bsp/\libhal_bsp.a(alt_iic_isr_register.o)
 .debug_info    0x0000000000001d1d       0x8b ../SHA1_Engine_bsp/\libhal_bsp.a(alt_irq_entry.o)
 .debug_info    0x0000000000001da8      0x184 ../SHA1_Engine_bsp/\libhal_bsp.a(alt_irq_handler.o)
 .debug_info    0x0000000000001f2c       0x88 ../SHA1_Engine_bsp/\libhal_bsp.a(alt_irq_vars.o)
 .debug_info    0x0000000000001fb4      0x1c9 ../SHA1_Engine_bsp/\libhal_bsp.a(alt_load.o)
 .debug_info    0x000000000000217d      0x169 ../SHA1_Engine_bsp/\libhal_bsp.a(alt_main.o)
 .debug_info    0x00000000000022e6      0x14d ../SHA1_Engine_bsp/\libhal_bsp.a(alt_printf.o)
 .debug_info    0x0000000000002433      0x12a ../SHA1_Engine_bsp/\libhal_bsp.a(alt_putchar.o)
 .debug_info    0x000000000000255d      0x19d ../SHA1_Engine_bsp/\libhal_bsp.a(alt_sys_init.o)
 .debug_info    0x00000000000026fa      0x197 ../SHA1_Engine_bsp/\libhal_bsp.a(altera_avalon_jtag_uart_write.o)
 .debug_info    0x0000000000002891      0x17b ../SHA1_Engine_bsp/\libhal_bsp.a(altera_avalon_timer_ts.o)
 .debug_info    0x0000000000002a0c       0xe9 ../SHA1_Engine_bsp/\libhal_bsp.a(altera_avalon_timer_vars.o)
 .debug_info    0x0000000000002af5       0xa6 ../SHA1_Engine_bsp/\libhal_bsp.a(alt_dcache_flush_all.o)
 .debug_info    0x0000000000002b9b       0x91 ../SHA1_Engine_bsp/\libhal_bsp.a(alt_exception_entry.o)
 .debug_info    0x0000000000002c2c       0xb8 ../SHA1_Engine_bsp/\libhal_bsp.a(alt_icache_flush_all.o)
 .debug_info    0x0000000000002ce4      0x1f8 ../SHA1_Engine_bsp/\libhal_bsp.a(alt_instruction_exception_entry.o)
 .debug_info    0x0000000000002edc       0x92 ../SHA1_Engine_bsp/\libhal_bsp.a(altera_nios2_gen2_irq.o)
 .debug_info    0x0000000000002f6e       0xde ../SHA1_Engine_bsp/\libhal_bsp.a(alt_icache_flush.o)

.debug_abbrev   0x0000000000000000     0x146d
 *(.debug_abbrev)
 .debug_abbrev  0x0000000000000000       0x12 ../SHA1_Engine_bsp//obj/HAL/src/crt0.o
 .debug_abbrev  0x0000000000000012      0x319 obj/default/main.o
 .debug_abbrev  0x000000000000032b      0x167 c:/tools/common/intelfpga_lite/18.1/nios2eds/bin/gnu/h-x86_64-mingw32/bin/../lib/gcc/nios2-elf/5.3.0\libgcc.a(_udivdi3.o)
 .debug_abbrev  0x0000000000000492      0x10e c:/tools/common/intelfpga_lite/18.1/nios2eds/bin/gnu/h-x86_64-mingw32/bin/../lib/gcc/nios2-elf/5.3.0\libgcc.a(lib2-divmod.o)
 .debug_abbrev  0x00000000000005a0       0x5d c:/tools/common/intelfpga_lite/18.1/nios2eds/bin/gnu/h-x86_64-mingw32/bin/../lib/gcc/nios2-elf/5.3.0\libgcc.a(_clz.o)
 .debug_abbrev  0x00000000000005fd       0x8e c:/tools/common/intelfpga_lite/18.1/nios2eds/bin/gnu/h-x86_64-mingw32/bin/../lib/gcc/nios2-elf/5.3.0/../../../../../H-x86_64-mingw32/nios2-elf/lib\libsmallc.a(lib_a-memset.o)
 .debug_abbrev  0x000000000000068b      0x1a0 ../SHA1_Engine_bsp/\libhal_bsp.a(alt_iic.o)
 .debug_abbrev  0x000000000000082b      0x19c ../SHA1_Engine_bsp/\libhal_bsp.a(alt_iic_isr_register.o)
 .debug_abbrev  0x00000000000009c7       0x12 ../SHA1_Engine_bsp/\libhal_bsp.a(alt_irq_entry.o)
 .debug_abbrev  0x00000000000009d9      0x120 ../SHA1_Engine_bsp/\libhal_bsp.a(alt_irq_handler.o)
 .debug_abbrev  0x0000000000000af9       0x40 ../SHA1_Engine_bsp/\libhal_bsp.a(alt_irq_vars.o)
 .debug_abbrev  0x0000000000000b39       0xd8 ../SHA1_Engine_bsp/\libhal_bsp.a(alt_load.o)
 .debug_abbrev  0x0000000000000c11       0xee ../SHA1_Engine_bsp/\libhal_bsp.a(alt_main.o)
 .debug_abbrev  0x0000000000000cff       0xd5 ../SHA1_Engine_bsp/\libhal_bsp.a(alt_printf.o)
 .debug_abbrev  0x0000000000000dd4       0xd2 ../SHA1_Engine_bsp/\libhal_bsp.a(alt_putchar.o)
 .debug_abbrev  0x0000000000000ea6      0x10e ../SHA1_Engine_bsp/\libhal_bsp.a(alt_sys_init.o)
 .debug_abbrev  0x0000000000000fb4       0xd5 ../SHA1_Engine_bsp/\libhal_bsp.a(altera_avalon_jtag_uart_write.o)
 .debug_abbrev  0x0000000000001089       0xd1 ../SHA1_Engine_bsp/\libhal_bsp.a(altera_avalon_timer_ts.o)
 .debug_abbrev  0x000000000000115a       0x83 ../SHA1_Engine_bsp/\libhal_bsp.a(altera_avalon_timer_vars.o)
 .debug_abbrev  0x00000000000011dd       0x5a ../SHA1_Engine_bsp/\libhal_bsp.a(alt_dcache_flush_all.o)
 .debug_abbrev  0x0000000000001237       0x12 ../SHA1_Engine_bsp/\libhal_bsp.a(alt_exception_entry.o)
 .debug_abbrev  0x0000000000001249       0x6f ../SHA1_Engine_bsp/\libhal_bsp.a(alt_icache_flush_all.o)
 .debug_abbrev  0x00000000000012b8       0xd8 ../SHA1_Engine_bsp/\libhal_bsp.a(alt_instruction_exception_entry.o)
 .debug_abbrev  0x0000000000001390       0x42 ../SHA1_Engine_bsp/\libhal_bsp.a(altera_nios2_gen2_irq.o)
 .debug_abbrev  0x00000000000013d2       0x9b ../SHA1_Engine_bsp/\libhal_bsp.a(alt_icache_flush.o)

.debug_line     0x0000000000000000     0x145a
 *(.debug_line)
 .debug_line    0x0000000000000000       0x72 ../SHA1_Engine_bsp//obj/HAL/src/crt0.o
 .debug_line    0x0000000000000072      0x38e obj/default/main.o
 .debug_line    0x0000000000000400      0x12a c:/tools/common/intelfpga_lite/18.1/nios2eds/bin/gnu/h-x86_64-mingw32/bin/../lib/gcc/nios2-elf/5.3.0\libgcc.a(_udivdi3.o)
 .debug_line    0x000000000000052a      0x102 c:/tools/common/intelfpga_lite/18.1/nios2eds/bin/gnu/h-x86_64-mingw32/bin/../lib/gcc/nios2-elf/5.3.0\libgcc.a(lib2-divmod.o)
 .debug_line    0x000000000000062c       0x53 c:/tools/common/intelfpga_lite/18.1/nios2eds/bin/gnu/h-x86_64-mingw32/bin/../lib/gcc/nios2-elf/5.3.0\libgcc.a(_clz.o)
 .debug_line    0x000000000000067f      0x15a c:/tools/common/intelfpga_lite/18.1/nios2eds/bin/gnu/h-x86_64-mingw32/bin/../lib/gcc/nios2-elf/5.3.0/../../../../../H-x86_64-mingw32/nios2-elf/lib\libsmallc.a(lib_a-memset.o)
 .debug_line    0x00000000000007d9       0xf1 ../SHA1_Engine_bsp/\libhal_bsp.a(alt_iic.o)
 .debug_line    0x00000000000008ca       0xd6 ../SHA1_Engine_bsp/\libhal_bsp.a(alt_iic_isr_register.o)
 .debug_line    0x00000000000009a0       0x6b ../SHA1_Engine_bsp/\libhal_bsp.a(alt_irq_entry.o)
 .debug_line    0x0000000000000a0b       0xa5 ../SHA1_Engine_bsp/\libhal_bsp.a(alt_irq_handler.o)
 .debug_line    0x0000000000000ab0       0x50 ../SHA1_Engine_bsp/\libhal_bsp.a(alt_irq_vars.o)
 .debug_line    0x0000000000000b00       0xa4 ../SHA1_Engine_bsp/\libhal_bsp.a(alt_load.o)
 .debug_line    0x0000000000000ba4       0xbd ../SHA1_Engine_bsp/\libhal_bsp.a(alt_main.o)
 .debug_line    0x0000000000000c61      0x11f ../SHA1_Engine_bsp/\libhal_bsp.a(alt_printf.o)
 .debug_line    0x0000000000000d80       0x55 ../SHA1_Engine_bsp/\libhal_bsp.a(alt_putchar.o)
 .debug_line    0x0000000000000dd5      0x11b ../SHA1_Engine_bsp/\libhal_bsp.a(alt_sys_init.o)
 .debug_line    0x0000000000000ef0       0xf0 ../SHA1_Engine_bsp/\libhal_bsp.a(altera_avalon_jtag_uart_write.o)
 .debug_line    0x0000000000000fe0       0xe2 ../SHA1_Engine_bsp/\libhal_bsp.a(altera_avalon_timer_ts.o)
 .debug_line    0x00000000000010c2       0x8a ../SHA1_Engine_bsp/\libhal_bsp.a(altera_avalon_timer_vars.o)
 .debug_line    0x000000000000114c       0x5a ../SHA1_Engine_bsp/\libhal_bsp.a(alt_dcache_flush_all.o)
 .debug_line    0x00000000000011a6       0xb3 ../SHA1_Engine_bsp/\libhal_bsp.a(alt_exception_entry.o)
 .debug_line    0x0000000000001259       0x6e ../SHA1_Engine_bsp/\libhal_bsp.a(alt_icache_flush_all.o)
 .debug_line    0x00000000000012c7       0xc6 ../SHA1_Engine_bsp/\libhal_bsp.a(alt_instruction_exception_entry.o)
 .debug_line    0x000000000000138d       0x50 ../SHA1_Engine_bsp/\libhal_bsp.a(altera_nios2_gen2_irq.o)
 .debug_line    0x00000000000013dd       0x7d ../SHA1_Engine_bsp/\libhal_bsp.a(alt_icache_flush.o)

.debug_frame    0x0000000000000000      0x460
 *(.debug_frame)
 .debug_frame   0x0000000000000000       0xbc obj/default/main.o
 .debug_frame   0x00000000000000bc       0x54 c:/tools/common/intelfpga_lite/18.1/nios2eds/bin/gnu/h-x86_64-mingw32/bin/../lib/gcc/nios2-elf/5.3.0\libgcc.a(_udivdi3.o)
 .debug_frame   0x0000000000000110       0x50 c:/tools/common/intelfpga_lite/18.1/nios2eds/bin/gnu/h-x86_64-mingw32/bin/../lib/gcc/nios2-elf/5.3.0\libgcc.a(lib2-divmod.o)
 .debug_frame   0x0000000000000160       0x20 c:/tools/common/intelfpga_lite/18.1/nios2eds/bin/gnu/h-x86_64-mingw32/bin/../lib/gcc/nios2-elf/5.3.0/../../../../../H-x86_64-mingw32/nios2-elf/lib\libsmallc.a(lib_a-memset.o)
 .debug_frame   0x0000000000000180       0x50 ../SHA1_Engine_bsp/\libhal_bsp.a(alt_iic.o)
 .debug_frame   0x00000000000001d0       0x30 ../SHA1_Engine_bsp/\libhal_bsp.a(alt_iic_isr_register.o)
 .debug_frame   0x0000000000000200       0x34 ../SHA1_Engine_bsp/\libhal_bsp.a(alt_irq_handler.o)
 .debug_frame   0x0000000000000234       0x30 ../SHA1_Engine_bsp/\libhal_bsp.a(alt_load.o)
 .debug_frame   0x0000000000000264       0x2c ../SHA1_Engine_bsp/\libhal_bsp.a(alt_main.o)
 .debug_frame   0x0000000000000290       0x54 ../SHA1_Engine_bsp/\libhal_bsp.a(alt_printf.o)
 .debug_frame   0x00000000000002e4       0x30 ../SHA1_Engine_bsp/\libhal_bsp.a(alt_putchar.o)
 .debug_frame   0x0000000000000314       0x3c ../SHA1_Engine_bsp/\libhal_bsp.a(alt_sys_init.o)
 .debug_frame   0x0000000000000350       0x20 ../SHA1_Engine_bsp/\libhal_bsp.a(altera_avalon_jtag_uart_write.o)
 .debug_frame   0x0000000000000370       0x40 ../SHA1_Engine_bsp/\libhal_bsp.a(altera_avalon_timer_ts.o)
 .debug_frame   0x00000000000003b0       0x20 ../SHA1_Engine_bsp/\libhal_bsp.a(alt_dcache_flush_all.o)
 .debug_frame   0x00000000000003d0       0x20 ../SHA1_Engine_bsp/\libhal_bsp.a(alt_icache_flush_all.o)
 .debug_frame   0x00000000000003f0       0x30 ../SHA1_Engine_bsp/\libhal_bsp.a(alt_instruction_exception_entry.o)
 .debug_frame   0x0000000000000420       0x20 ../SHA1_Engine_bsp/\libhal_bsp.a(altera_nios2_gen2_irq.o)
 .debug_frame   0x0000000000000440       0x20 ../SHA1_Engine_bsp/\libhal_bsp.a(alt_icache_flush.o)

.debug_str      0x0000000000000000     0x11c2
 *(.debug_str)
 .debug_str     0x0000000000000000      0x359 obj/default/main.o
                                        0x3b0 (size before relaxing)
 .debug_str     0x0000000000000359      0x1e9 c:/tools/common/intelfpga_lite/18.1/nios2eds/bin/gnu/h-x86_64-mingw32/bin/../lib/gcc/nios2-elf/5.3.0\libgcc.a(_udivdi3.o)
                                        0x282 (size before relaxing)
 .debug_str     0x0000000000000542       0xf0 c:/tools/common/intelfpga_lite/18.1/nios2eds/bin/gnu/h-x86_64-mingw32/bin/../lib/gcc/nios2-elf/5.3.0\libgcc.a(lib2-divmod.o)
                                        0x1b8 (size before relaxing)
 .debug_str     0x0000000000000632      0x1c9 c:/tools/common/intelfpga_lite/18.1/nios2eds/bin/gnu/h-x86_64-mingw32/bin/../lib/gcc/nios2-elf/5.3.0\libgcc.a(_clz.o)
 .debug_str     0x0000000000000632      0x120 c:/tools/common/intelfpga_lite/18.1/nios2eds/bin/gnu/h-x86_64-mingw32/bin/../lib/gcc/nios2-elf/5.3.0/../../../../../H-x86_64-mingw32/nios2-elf/lib\libsmallc.a(lib_a-memset.o)
                                        0x1c5 (size before relaxing)
 .debug_str     0x0000000000000752      0x150 ../SHA1_Engine_bsp/\libhal_bsp.a(alt_iic.o)
                                        0x264 (size before relaxing)
 .debug_str     0x00000000000008a2       0x37 ../SHA1_Engine_bsp/\libhal_bsp.a(alt_iic_isr_register.o)
                                        0x21e (size before relaxing)
 .debug_str     0x00000000000008d9       0x3a ../SHA1_Engine_bsp/\libhal_bsp.a(alt_irq_handler.o)
                                        0x1a8 (size before relaxing)
 .debug_str     0x0000000000000913       0x17 ../SHA1_Engine_bsp/\libhal_bsp.a(alt_irq_vars.o)
                                        0x14b (size before relaxing)
 .debug_str     0x000000000000092a      0x113 ../SHA1_Engine_bsp/\libhal_bsp.a(alt_load.o)
                                        0x24d (size before relaxing)
 .debug_str     0x0000000000000a3d       0x5e ../SHA1_Engine_bsp/\libhal_bsp.a(alt_main.o)
                                        0x1c6 (size before relaxing)
 .debug_str     0x0000000000000a9b       0x59 ../SHA1_Engine_bsp/\libhal_bsp.a(alt_printf.o)
                                        0x117 (size before relaxing)
 .debug_str     0x0000000000000af4       0x63 ../SHA1_Engine_bsp/\libhal_bsp.a(alt_putchar.o)
                                        0x1a1 (size before relaxing)
 .debug_str     0x0000000000000b57       0xb9 ../SHA1_Engine_bsp/\libhal_bsp.a(alt_sys_init.o)
                                        0x272 (size before relaxing)
 .debug_str     0x0000000000000c10       0x32 ../SHA1_Engine_bsp/\libhal_bsp.a(altera_avalon_jtag_uart_write.o)
                                        0x226 (size before relaxing)
 .debug_str     0x0000000000000c42       0x44 ../SHA1_Engine_bsp/\libhal_bsp.a(altera_avalon_timer_ts.o)
                                        0x215 (size before relaxing)
 .debug_str     0x0000000000000c86       0x27 ../SHA1_Engine_bsp/\libhal_bsp.a(altera_avalon_timer_vars.o)
                                        0x1ca (size before relaxing)
 .debug_str     0x0000000000000cad       0x1f ../SHA1_Engine_bsp/\libhal_bsp.a(alt_dcache_flush_all.o)
                                        0x166 (size before relaxing)
 .debug_str     0x0000000000000ccc       0x30 ../SHA1_Engine_bsp/\libhal_bsp.a(alt_icache_flush_all.o)
                                        0x177 (size before relaxing)
 .debug_str     0x0000000000000cfc      0x48b ../SHA1_Engine_bsp/\libhal_bsp.a(alt_instruction_exception_entry.o)
                                        0x5b1 (size before relaxing)
 .debug_str     0x0000000000001187       0x20 ../SHA1_Engine_bsp/\libhal_bsp.a(altera_nios2_gen2_irq.o)
                                        0x16d (size before relaxing)
 .debug_str     0x00000000000011a7       0x1b ../SHA1_Engine_bsp/\libhal_bsp.a(alt_icache_flush.o)
                                        0x16c (size before relaxing)

.debug_loc      0x0000000000000000     0x284a
 *(.debug_loc)
 .debug_loc     0x0000000000000000      0xa67 obj/default/main.o
 .debug_loc     0x0000000000000a67     0x10ca c:/tools/common/intelfpga_lite/18.1/nios2eds/bin/gnu/h-x86_64-mingw32/bin/../lib/gcc/nios2-elf/5.3.0\libgcc.a(_udivdi3.o)
 .debug_loc     0x0000000000001b31      0x4ce c:/tools/common/intelfpga_lite/18.1/nios2eds/bin/gnu/h-x86_64-mingw32/bin/../lib/gcc/nios2-elf/5.3.0\libgcc.a(lib2-divmod.o)
 .debug_loc     0x0000000000001fff       0xa5 c:/tools/common/intelfpga_lite/18.1/nios2eds/bin/gnu/h-x86_64-mingw32/bin/../lib/gcc/nios2-elf/5.3.0/../../../../../H-x86_64-mingw32/nios2-elf/lib\libsmallc.a(lib_a-memset.o)
 .debug_loc     0x00000000000020a4      0x170 ../SHA1_Engine_bsp/\libhal_bsp.a(alt_iic.o)
 .debug_loc     0x0000000000002214      0x193 ../SHA1_Engine_bsp/\libhal_bsp.a(alt_iic_isr_register.o)
 .debug_loc     0x00000000000023a7       0x72 ../SHA1_Engine_bsp/\libhal_bsp.a(alt_irq_handler.o)
 .debug_loc     0x0000000000002419      0x1de ../SHA1_Engine_bsp/\libhal_bsp.a(alt_printf.o)
 .debug_loc     0x00000000000025f7       0x2c ../SHA1_Engine_bsp/\libhal_bsp.a(alt_putchar.o)
 .debug_loc     0x0000000000002623       0x21 ../SHA1_Engine_bsp/\libhal_bsp.a(alt_sys_init.o)
 .debug_loc     0x0000000000002644       0x8b ../SHA1_Engine_bsp/\libhal_bsp.a(altera_avalon_jtag_uart_write.o)
 .debug_loc     0x00000000000026cf       0x5b ../SHA1_Engine_bsp/\libhal_bsp.a(altera_avalon_timer_ts.o)
 .debug_loc     0x000000000000272a       0x1f ../SHA1_Engine_bsp/\libhal_bsp.a(alt_dcache_flush_all.o)
 .debug_loc     0x0000000000002749       0xaf ../SHA1_Engine_bsp/\libhal_bsp.a(alt_instruction_exception_entry.o)
 .debug_loc     0x00000000000027f8       0x52 ../SHA1_Engine_bsp/\libhal_bsp.a(alt_icache_flush.o)

.debug_macinfo
 *(.debug_macinfo)

.debug_weaknames
 *(.debug_weaknames)

.debug_funcnames
 *(.debug_funcnames)

.debug_typenames
 *(.debug_typenames)

.debug_varnames
 *(.debug_varnames)

.debug_alt_sim_info
                0x0000000000000000       0x30
 *(.debug_alt_sim_info)
 .debug_alt_sim_info
                0x0000000000000000       0x30 ../SHA1_Engine_bsp//obj/HAL/src/crt0.o
                0x0000000000007530                __alt_data_end = 0x7530
                0x0000000000007530                PROVIDE (__alt_stack_pointer, __alt_data_end)
                [!provide]                        PROVIDE (__alt_stack_limit, __alt_stack_base)
                [!provide]                        PROVIDE (__alt_heap_start, end)
                [!provide]                        PROVIDE (__alt_heap_limit, 0x7530)
OUTPUT(SHA1_Engine.elf elf32-littlenios2)

.debug_ranges   0x0000000000000000      0x4f8
 .debug_ranges  0x0000000000000000       0x20 ../SHA1_Engine_bsp//obj/HAL/src/crt0.o
 .debug_ranges  0x0000000000000020      0x220 obj/default/main.o
 .debug_ranges  0x0000000000000240      0x158 c:/tools/common/intelfpga_lite/18.1/nios2eds/bin/gnu/h-x86_64-mingw32/bin/../lib/gcc/nios2-elf/5.3.0\libgcc.a(_udivdi3.o)
 .debug_ranges  0x0000000000000398       0x60 c:/tools/common/intelfpga_lite/18.1/nios2eds/bin/gnu/h-x86_64-mingw32/bin/../lib/gcc/nios2-elf/5.3.0\libgcc.a(lib2-divmod.o)
 .debug_ranges  0x00000000000003f8       0x10 c:/tools/common/intelfpga_lite/18.1/nios2eds/bin/gnu/h-x86_64-mingw32/bin/../lib/gcc/nios2-elf/5.3.0/../../../../../H-x86_64-mingw32/nios2-elf/lib\libsmallc.a(lib_a-memset.o)
 .debug_ranges  0x0000000000000408       0x28 ../SHA1_Engine_bsp/\libhal_bsp.a(alt_irq_entry.o)
 .debug_ranges  0x0000000000000430       0x10 ../SHA1_Engine_bsp/\libhal_bsp.a(alt_irq_handler.o)
 .debug_ranges  0x0000000000000440       0x48 ../SHA1_Engine_bsp/\libhal_bsp.a(alt_load.o)
 .debug_ranges  0x0000000000000488       0x18 ../SHA1_Engine_bsp/\libhal_bsp.a(alt_printf.o)
 .debug_ranges  0x00000000000004a0       0x30 ../SHA1_Engine_bsp/\libhal_bsp.a(alt_exception_entry.o)
 .debug_ranges  0x00000000000004d0       0x18 ../SHA1_Engine_bsp/\libhal_bsp.a(alt_instruction_exception_entry.o)
 .debug_ranges  0x00000000000004e8       0x10 ../SHA1_Engine_bsp/\libhal_bsp.a(alt_icache_flush.o)
